Helium Ops Phase D production adapter commissioning
captured_at=2026-08-29T23:23:06Z
capture_date_hkt=2026-08-30
operator_waiver=ops-phase-d-weekend-2026-08-30
ac1_credit=NOT_CREDITED

source_commit=e6b0a87
candidate.current=/Users/moremeds/projects/helium-ops-candidates/e6b0a87
candidate.rollback.1=/Users/moremeds/projects/helium-ops-candidates/3e70c7b
candidate.rollback.2=/Users/moremeds/projects/helium-ops-candidates/1a25be8
candidate.rollback.3=/Users/moremeds/projects/helium-ops-candidates/aed7293
selected_helium_release=/Users/moremeds/projects/helium-releases/v0.1.5
selected_helium_release_changed=false

install.mode=observe
install.authority_entries=0
install.root=/Users/moremeds/.helium/ops uid=501 mode=700
install.config=/Users/moremeds/.helium/ops/config/opsd.json uid=501 mode=600 size=861 sha256=6ed49b473085d20820706bedbaa60dc6c48594a57a95aee97393220765ed40b1
install.plist=/Users/moremeds/Library/LaunchAgents/com.helium.opsd.plist uid=501 mode=644 size=1184 sha256=33cf822c8e8f1d488de169ca3aa8e0273479fd275c8842d9e0cd74edf90e6afd
install.deadman_plist=/Users/moremeds/Library/LaunchAgents/com.helium.opsd-deadman.plist uid=501 mode=644 size=1619 sha256=d46d320108e27aaeb6c4fba0ce6b952023eb8a63261f03c7d7ab4790e7da7176
install.targets=/Users/moremeds/projects/helium-ops-candidates/e6b0a87/ops/observation-targets.yaml sha256=ac819ee4a7c709c04a57bb2c7194fd74679857a8021a1df30283497b04f08a3f
install.composition=/Users/moremeds/projects/helium-ops-candidates/e6b0a87/plugins/ops-agent/lib/production-observations.js sha256=68cdab2e8deaf21f96f1b0d2071f94cc934a8e1b34ccfac354b3b200e1483e3f
install.heartbeat_reader=/Users/moremeds/projects/helium-ops-candidates/e6b0a87/scripts/ops/read-latest-heartbeats.mjs sha256=b1bd2685b647d2b42742691d2ab2af06e215210563191ac0d54810917f0c32f1
install.parquet_checker=/Users/moremeds/projects/helium-ops-candidates/e6b0a87/scripts/ops/check-parquet-integrity.py sha256=ae33e318ec75fc1add85b559a892e9f3dbb3708f3faf2d2982be0b1d4581a886

launchd.opsd.state=running
launchd.opsd.runs=1
launchd.opsd.last_exit_code=never_exited
launchd.deadman.state=not_running_between_scheduled_runs
launchd.deadman.runs=3
launchd.deadman.last_exit_code=0
launchd.deadman.stderr_bytes=0
launchd.deadman.latest=opsd fresh: last observation 36s ago (2026-08-29T23:21:30.388Z)
legacy.deadman.plist_sha256=ae0e56d228520ff780a61881cfc4ee6297d1fb422d4330d5c6bd0775763f9612
legacy.deadman.changed=false

event_log.snapshot=/Users/moremeds/.helium/ops/state/events.jsonl uid=501 mode=600 size=538143 sha256=af66f88ac9739dcd53a8ea602e25812b1ebb6d795ad9f0488085839e3375052c
event_log.events=546
event_log.controller_cycles=60
event_log.candidate_cycles=6
event_log.observations=474
event_log.incident_opened=6
event_log.incident_updated=6
event_log.collection_failures=0
event_log.action_events=0
event_log.raw_artifacts=584

cycle.at=2026-08-29T23:22:40.855Z
cycle.seq=546
cycle.release=/Users/moremeds/projects/helium-ops-candidates/e6b0a87
cycle.observations=43
cycle.collection_failures=0
cycle.state.ok=38
cycle.state.degraded=2
cycle.state.failed=3
cycle.state.unknown=0
cycle.degraded=host.memory.v1,livewire.ib-dependency.v1
cycle.failed=livewire.status-parser.v1,argon.backup-freshness.v1,postgres.backup.v1
cycle.parquet_integrity=ok path=/Users/moremeds/market-warehouse/data-lake/bronze/asset_class=equity/symbol=NULG/1m.parquet evidence=artifact://ops/raw/000077-79c7fec3d3b324aa5a9f2f7e06c1bc1376e9f064b5e5e2d54043e64a6b20b39e.json
cycle.postgres_growth=ok bytes=138281666332 delta_bytes=24576 interval_ms=313039
cycle.argon_worker=ok source_reported_lag_ms
cycle.apex_postgres=ok independent_pg_isready_exit_0

live_finding.1=macOS 26 df includes a synthetic device name with a space; the all-or-nothing parser was corrected before this candidate
live_finding.2=Argon can emit a same-host heartbeat after the collector-wide cycle timestamp; service-reported nonnegative worker lag now supplies the age without weakening future-timestamp rejection
live_finding.3=pg_isready --quiet proves readiness by exit status and deliberately emits no success text; Apex independent verification now uses exit 0 plus no timeout
live_finding.4=Livewire Parquet integrity is independently measured by a bounded read-only framing check over committed critical paths; it does not scan the lake, write a cache or invoke repair

verification.local=843 unit tests pass; 85 contract tests pass and one credentialed live-provider test is explicitly skipped; 2 local E2E tests pass
verification.ci_run=33280607476
verification.ci=check_pass,contracts_pass,ops_macos_offline_pass

observe_window.start=2026-08-29T23:22:40.855Z
observe_window.earliest_completion=2026-09-05T23:22:40.855Z
observe_window.earliest_completion_hkt=2026-09-06T07:22:40.855+08:00

result=PARTIAL
reason=every initial production component and host dimension now emits a typed freshness-bounded result with persisted raw evidence, zero collection failures and zero action events; the required seven continuous observe days have only started
task16=BLOCKED separately: empty authority, external-or-none mutation ownership, no production grant and no controlled mutation drill
rollback=bootout gui/501/com.helium.opsd-deadman and gui/501/com.helium.opsd, run the scoped uninstaller, reinstall candidate 3e70c7b or aed7293 with the recorded waiver, then bootstrap opsd and only bootstrap its independent deadman after a valid zero-action cycle
