Helium Ops Phase D live identity capture
captured_at=2026-08-29T22:19:59Z
capture_date_hkt=2026-08-30
method=bounded read-only SSH; no service lifecycle command, workload, probe, or repair invoked

host.hostname=moremeds-Mini
host.operator_uid=501
host.operator_user=moremeds
host.os_version=26.5.1
host.hardware_uuid_sha256=3b0a001567dbefa4baa4e4d17a7c9e3dd311f57aaece83c479ecc08ea3d98de1
host.raw_hardware_uuid_retained=false

release.helium.current=/Users/moremeds/projects/helium-releases/v0.1.5
release.livewire.current=/Users/moremeds/market-warehouse/releases/4d533f4fded9000ed69c525ff2274de397f0d8ba
release.argon.project=/Volumes/MACMINI_DATA/projects/argon

launchd.label=com.helium.deadman
launchd.label=com.helium.dsh
launchd.label=com.livewire.coverage
launchd.label=com.livewire.daily-update
launchd.label=com.livewire.daily-update-watchdog
launchd.label=com.livewire.intraday-catchup
launchd.label=com.livewire.release-promote
launchd.label=com.moremeds.colima-after-datalake
launchd.label=com.moremeds.colima-runtime-watchdog
launchd.label=local.ibc-watchdog
launchd.opsd_present=false

plist.path=/Users/moremeds/Library/LaunchAgents/com.moremeds.colima-runtime-watchdog.plist uid=501 mode=644 sha256=ee3116091b5a1713597e6c76ca6e4276a16356cf47dad1443ecf30ce25268907
plist.path=/Users/moremeds/Library/LaunchAgents/com.moremeds.colima-after-datalake.plist uid=501 mode=644 sha256=53e7a6a37c8f6c1ecb64bc58f683b2afb93e87bd16e548baefe8c97dc4d80b90
plist.path=/Users/moremeds/Library/LaunchAgents/com.livewire.daily-update-watchdog.plist uid=501 mode=644 sha256=a8aba372f6a5a628d2458168a02f7ae128283998215cd55572753f0e5825e159
plist.path=/Users/moremeds/Library/LaunchAgents/com.livewire.daily-update.plist uid=501 mode=644 sha256=6672b17316e2fa3b7c0dd79b29f30ca779cb0a1d9a25f5cc3a196b83f6abdba4
plist.path=/Users/moremeds/Library/LaunchAgents/com.livewire.intraday-catchup.plist uid=501 mode=644 sha256=540ac117a2e6deb1d5a1a515b827b07197a49e0389f30ff8a887264364c89293
plist.path=/Users/moremeds/Library/LaunchAgents/com.livewire.coverage.plist uid=501 mode=644 sha256=c0267b40cc83ed53468b0a534cac42dd53b0dfa2e2ffb7064fb3cc3083bf5547
plist.path=/Users/moremeds/Library/LaunchAgents/com.livewire.release-promote.plist uid=501 mode=644 sha256=40e15e6bbfd08454f0c1b8f65d70d238f839db5492dbc291af6766797082d1a3
plist.path=/Users/moremeds/Library/LaunchAgents/com.argon.backup.plist uid=501 mode=644 sha256=122cc536e961623da7e0ffd39305adc54b2844ea10e46e8530bf005878a324ee
plist.path=/Users/moremeds/Library/LaunchAgents/com.helium.dsh.plist uid=501 mode=644 sha256=201475ab6edcbf103920a15cc3b1373630853514a0ab23158ebf806fd0f15e9e
plist.path=/Users/moremeds/Library/LaunchAgents/com.helium.deadman.plist uid=501 mode=644 sha256=ae0e56d228520ff780a61881cfc4ee6297d1fb422d4330d5c6bd0775763f9612
plist.path=/Users/moremeds/Library/LaunchAgents/local.ibc-watchdog.plist uid=501 mode=644 sha256=607e546955da6a7e6bffa74287dd2011eabdc4314b55f0a323f85a9ee36fb9c6

script.path=/Users/moremeds/trading-stack/scripts/watch_colima_runtime.sh uid=501 mode=755 sha256=714475bd3b6ad54f7f01546324649647320f8b42881b752eae1b22ad11211722
script.path=/Users/moremeds/trading-stack/scripts/start_colima_after_datalake.sh uid=501 mode=755 sha256=45cfb98fc1ec8e95c9f057d630df1051e0970540332c0bf9a9d0ee59084da468
script.path=/Users/moremeds/trading-stack/scripts/reconcile.sh uid=501 mode=755 sha256=3da35c87a76a90a55669c5e86db038e92fb21f6ff737526a0a1d6dc1c613da2e
script.path=/Users/moremeds/trading-stack/scripts/ibc_watchdog_launchd.sh uid=501 mode=755 sha256=5937086b157d23e572ee2b96156a5294797f3588f268b4a0e8b4903384fd2c96
script.path=/Users/moremeds/market-warehouse/current/scripts/livewire_quality.py uid=501 mode=555 sha256=0b04e297320203d56e7d17951ca09bf3b7c62d324779669d2cb50e603010de37
script.path=/Users/moremeds/market-warehouse/current/scripts/livewire_ops.py uid=501 mode=555 sha256=89b82679181e888bf965b3dd64f6415b85225f727229d32ec5daa183fcc91507
script.path=/Users/moremeds/projects/helium-releases/current/scripts/launchd/run-dsh.sh uid=501 mode=755 sha256=1e5382ae98105047bf889b5c83624280a7aa99d0091564444ec6a6ce0efa0a91
script.path=/Users/moremeds/projects/helium-releases/current/scripts/deadman/check-heartbeat.sh uid=501 mode=755 sha256=743e95f086b1d437e123470c0fc89db489aad547bec2e1cdfd383796c9b5f990

certification.trading_stack_reconcile=BLOCKED interface does not match registered exact argv contract
certification.colima_restart=BLOCKED legacy stateful watchdog remains external mutation owner
certification.livewire_targeted_repair=BLOCKED no exact generic target-date-plus-partition wrapper identified
certification.ib_gateway_restart=FORBIDDEN
