Helium Ops Phase D weekend commissioning snapshot
captured_at=2026-08-29T22:28:34Z
capture_date_hkt=2026-08-30
operator_waiver=ops-phase-d-weekend-2026-08-30
ac1_credit=NOT_CREDITED

selected_helium_release=/Users/moremeds/projects/helium-releases/v0.1.5
candidate.initial=/Users/moremeds/projects/helium-ops-candidates/f38af06
candidate.current=/Users/moremeds/projects/helium-ops-candidates/5637b97
selected_helium_release_changed=false

install.root=/Users/moremeds/.helium/ops uid=501 mode=700
install.config=/Users/moremeds/.helium/ops/config/opsd.json uid=501 mode=600 size=746 sha256=e685d3e72df4d17f894963a5bdc51088438dd1b087cc3976bcdf7483b17be6b3
install.plist=/Users/moremeds/Library/LaunchAgents/com.helium.opsd.plist uid=501 mode=644 size=1184 sha256=4300ee7db56c03f90bda0553de58812b3325144c4fdddf9c247506932f01f49e
install.mode=observe
install.authority_entries=0
install.release_dir=/Users/moremeds/projects/helium-ops-candidates/5637b97

launchd.label=com.helium.opsd
launchd.state=running
launchd.runs=1
launchd.last_exit_code=never_exited

live_finding=macOS 26 top renders COMMAND as a fixed-width column containing spaces; the initial parser treated it as a whitespace token and returned unknown
live_fix_commit=5637b9785d0ed08b21243eea2cd33a75c056e441
live_fix_test=plugins/ops-agent/src/probes/macos-resource.test.ts live macOS 26 shape

event_log.snapshot=/Users/moremeds/.helium/ops/state/events.jsonl uid=501 mode=600 size=18158 sha256=0921dd37bbbe5e5815af149d01c109063a9ef4794939034c963f5102d59aeaa5
event_log.events=23
event_log.controller_cycles=4
event_log.action_events=0
event_log.raw_artifacts=28

cycle=2026-08-29T22:26:53.914Z release=/Users/moremeds/projects/helium-ops-candidates/5637b97 observations=2 collection_failures=0
cycle=2026-08-29T22:27:54.250Z release=/Users/moremeds/projects/helium-ops-candidates/5637b97 observations=2 collection_failures=0
observation=2026-08-29T22:26:53.633Z memory-pressure=degraded pageout_rate=null
observation=2026-08-29T22:26:53.633Z cpu-load=ok busy_percent=19.69
observation=2026-08-29T22:27:53.920Z memory-pressure=degraded pageout_rate=2.007066200009952
observation=2026-08-29T22:27:53.920Z cpu-load=ok busy_percent=22.01

result=PARTIAL
reason=host resource collection is live, raw and replayable with no action event; the six application/database adapters and independent opsd dead-man expectation are not yet live-wired, and no seven-day observation window has elapsed
rollback=launchctl bootout gui/501/com.helium.opsd then scoped uninstall-observe-only.sh; existing Helium and legacy controllers were not changed
