Helium Ops Phase D CI offline signing evidence
Source: https://github.com/moremeds/helium/actions/runs/33270118932
Job: check (99146986945)
Commit: 1ca81e4b79e57283b8f2a69e680923aaa5fbeed2
Command: node --test scripts/ops/sign-approval.test.mjs scripts/ops/sign-authority-manifest.test.mjs scripts/release/opsd-cycle-after.test.mjs
Recorded: 2026-08-29T19:11:03Z
Normalization: exact CI subtest names and totals; timestamps and durations omitted.

ok 1 - signs the canonical unsigned approval without changing its scope
ok 2 - refuses an already signed or non-approval document
ok 3 - CLI writes a new artifact and refuses to overwrite one
ok 4 - CLI refuses a registered mini and an uncommissioned signing policy
ok 5 - signs exact certified SOP id/version/digest/authority entries with Ed25519
ok 6 - refuses a registered mini, an exposed key, and a stale declared digest
ok 7 - refuses a structurally uncertified SOP before signing
ok 8 - refuses unresolved executable ownership, release assertions, and unregistered probes
ok 9 - accepts only a target cycle strictly after the flip and not in the future

tests 9
pass 9
fail 0

RESULT: PASS
