Helium Ops Phase D CI dead-man evidence
Source: https://github.com/moremeds/helium/actions/runs/33270118932
Job: check (99146986945)
Commit: 1ca81e4b79e57283b8f2a69e680923aaa5fbeed2
Commands: node --test scripts/deadman/check-tenant-heartbeats.test.mjs; bash scripts/deadman/check-heartbeat.test.sh
Recorded: 2026-08-29T19:10:58Z through 2026-08-29T19:11:03Z
Normalization: exact significant CI case names and totals; timestamps and temporary paths omitted.

ok 1 - exits 0 when every enabled tenant has a current heartbeat
ok 2 - exits non-zero naming ONLY the stale tenant
ok 3 - a tenant that has never heartbeat at all is reported, not skipped
ok 4 - a future heartbeat cannot mask a dead tenant
ok 5 - keeps a malformed tenant visible as invalid instead of dropping it
ok 6 - a disabled tenant is not required to heartbeat
tests 6
pass 6
fail 0

case 3c: a future global heartbeat is not accepted as fresh
case 6: process alive but a SECOND tenant silent -> 13, naming only that tenant
case 8: a malformed tenant stays visible as invalid rather than vanishing
case 9: fresh DSH and tenant heartbeats do not hide stale opsd -> 16
case 10: a future opsd observation is not accepted as fresh
ALL PASS

RESULT: PASS
