##[group]Run node --test scripts/deadman/check-tenant-heartbeats.test.mjs
node --test scripts/deadman/check-tenant-heartbeats.test.mjs
shell: /usr/bin/bash -e {0}
env:
  PNPM_HOME: /home/runner/setup-pnpm/node_modules/.bin
##[endgroup]
TAP version 13
# Subtest: exits 0 when every enabled tenant has a current heartbeat
ok 1 - exits 0 when every enabled tenant has a current heartbeat
  ---
  duration_ms: 293.497272
  type: 'test'
  ...
# Subtest: exits non-zero naming ONLY the stale tenant
ok 2 - exits non-zero naming ONLY the stale tenant
  ---
  duration_ms: 325.772329
  type: 'test'
  ...
# Subtest: a tenant that has never heartbeat at all is reported, not skipped
ok 3 - a tenant that has never heartbeat at all is reported, not skipped
  ---
  duration_ms: 277.426299
  type: 'test'
  ...
# Subtest: keeps a malformed tenant visible as invalid instead of dropping it
ok 4 - keeps a malformed tenant visible as invalid instead of dropping it
  ---
  duration_ms: 277.025388
  type: 'test'
  ...
# Subtest: a disabled tenant is not required to heartbeat
ok 5 - a disabled tenant is not required to heartbeat
  ---
  duration_ms: 279.423588
  type: 'test'
  ...
1..5
# tests 5
# suites 0
# pass 5
# fail 0
# cancelled 0
# skipped 0
# todo 0
# duration_ms 1516.515434
